[debug] [2025-05-01T07:32:54.931Z] ----------------------------------------------------------------------
[debug] [2025-05-01T07:32:54.939Z] Command:       /opt/homebrew/Cellar/node/23.10.0_1/bin/node /opt/homebrew/bin/firebase deploy
[debug] [2025-05-01T07:32:54.942Z] CLI Version:   14.2.1
[debug] [2025-05-01T07:32:54.942Z] Platform:      darwin
[debug] [2025-05-01T07:32:54.943Z] Node Version:  v23.10.0
[debug] [2025-05-01T07:32:54.943Z] Time:          Thu May 01 2025 14:32:54 GMT+0700 (Indochina Time)
[debug] [2025-05-01T07:32:54.943Z] ----------------------------------------------------------------------
[debug] 
[debug] [2025-05-01T07:32:55.066Z] > command requires scopes: ["email","openid","https://www.googleapis.com/auth/cloudplatformprojects.readonly","https://www.googleapis.com/auth/firebase","https://www.googleapis.com/auth/cloud-platform"]
[debug] [2025-05-01T07:32:55.066Z] > authorizing via signed-in user (atledgoodstuff@gmail.com)
[debug] [2025-05-01T07:32:55.066Z] [iam] checking project qchk-315ea for permissions ["datastore.indexes.create","datastore.indexes.delete","datastore.indexes.list","datastore.indexes.update","firebase.projects.get","firebasehosting.sites.update"]
[debug] [2025-05-01T07:32:55.066Z] Checked if tokens are valid: true, expires at: 1746086523330
[debug] [2025-05-01T07:32:55.067Z] Checked if tokens are valid: true, expires at: 1746086523330
[debug] [2025-05-01T07:32:55.067Z] >>> [apiv2][query] POST https://cloudresourcemanager.googleapis.com/v1/projects/qchk-315ea:testIamPermissions [none]
[debug] [2025-05-01T07:32:55.067Z] >>> [apiv2][(partial)header] POST https://cloudresourcemanager.googleapis.com/v1/projects/qchk-315ea:testIamPermissions x-goog-quota-user=projects/qchk-315ea
[debug] [2025-05-01T07:32:55.067Z] >>> [apiv2][body] POST https://cloudresourcemanager.googleapis.com/v1/projects/qchk-315ea:testIamPermissions {"permissions":["datastore.indexes.create","datastore.indexes.delete","datastore.indexes.list","datastore.indexes.update","firebase.projects.get","firebasehosting.sites.update"]}
[debug] [2025-05-01T07:32:56.099Z] <<< [apiv2][status] POST https://cloudresourcemanager.googleapis.com/v1/projects/qchk-315ea:testIamPermissions 200
[debug] [2025-05-01T07:32:56.100Z] <<< [apiv2][body] POST https://cloudresourcemanager.googleapis.com/v1/projects/qchk-315ea:testIamPermissions {"permissions":["datastore.indexes.create","datastore.indexes.delete","datastore.indexes.list","datastore.indexes.update","firebase.projects.get","firebasehosting.sites.update"]}
[debug] [2025-05-01T07:32:56.101Z] Checked if tokens are valid: true, expires at: 1746086523330
[debug] [2025-05-01T07:32:56.101Z] Checked if tokens are valid: true, expires at: 1746086523330
[debug] [2025-05-01T07:32:56.101Z] >>> [apiv2][query] GET https://firebase.googleapis.com/v1beta1/projects/qchk-315ea [none]
[debug] [2025-05-01T07:32:56.474Z] <<< [apiv2][status] GET https://firebase.googleapis.com/v1beta1/projects/qchk-315ea 200
[debug] [2025-05-01T07:32:56.474Z] <<< [apiv2][body] GET https://firebase.googleapis.com/v1beta1/projects/qchk-315ea {"projectId":"qchk-315ea","projectNumber":"274397392855","displayName":"qchk","name":"projects/qchk-315ea","resources":{"hostingSite":"qchk-315ea"},"state":"ACTIVE","etag":"1_7474078b-c50c-4431-9450-cad934f1697b"}
[info] 
[info] === Deploying to 'qchk-315ea'...
[info] 
[info] i  deploying firestore, hosting 
[info] i  firestore: reading indexes from firestore.indexes.json... 
[info] i  cloud.firestore: checking firestore.rules for compilation errors... 
[debug] [2025-05-01T07:32:56.482Z] Checked if tokens are valid: true, expires at: 1746086523330
[debug] [2025-05-01T07:32:56.482Z] Checked if tokens are valid: true, expires at: 1746086523330
[debug] [2025-05-01T07:32:56.482Z] >>> [apiv2][query] POST https://firebaserules.googleapis.com/v1/projects/qchk-315ea:test [none]
[debug] [2025-05-01T07:32:56.482Z] >>> [apiv2][body] POST https://firebaserules.googleapis.com/v1/projects/qchk-315ea:test [omitted]
